control_reads_omitted	failing_reads_omitted	total_templates
0	0	40000
