barcode_name	library_name	barcode	templates	perfect_matches	one_mismatch_matches	q20_bases	q30_bases	total_number_of_bases	fraction_matches	ratio_this_barcode_to_best_barcode	frac_q20_bases	frac_q30_bases	mean_index_base_quality
Index1	Index1	TAAGACCCTACTGGGACATATTGA	407	398	9	118274	111544	122100	0.010175	0.2840195394277739	0.9686650286650287	0.9135462735462736	34.96007371007371
Index2	Index2	CGAAGTACATCCTAGGACGTAACG	411	403	8	119540	112432	123300	0.010275	0.2868108862526169	0.9695052716950527	0.9118572587185726	33.54622871046229
Index3	Index3	TAGCCTTCCAAAAGTATGGCAAGA	411	391	20	119407	112307	123300	0.010275	0.2868108862526169	0.968426601784266	0.9108434712084347	35.30869829683698
Index4	Index4	GCCTTTCAAGTCTAGAGTCGTCGT	393	380	13	114900	108296	117900	0.009825	0.27424982554082344	0.9745547073791349	0.9185411365564037	33.596692111959285
Index5	Index5	CAACGGTTCCGGACGTTTCGCTCG	333	326	7	96836	91049	99900	0.008325	0.23237962316817865	0.9693293293293294	0.9114014014014014	33.295670670670674
Index6	Index6	GTTGCATGGCCCTAGGGAACGATG	358	348	10	104555	98438	107400	0.00895	0.24982554082344732	0.9735102420856611	0.9165549348230912	33.8824487895717
Index7	Index7	ATCGTTGCTATCATGACTCCGCAT	405	398	7	117691	110628	121500	0.010125	0.2826238660153524	0.9686502057613169	0.9105185185185185	33.678909465020574
Index8	Index8	CCTCGAATTCATGGTTGCTACCGG	349	339	10	101314	95441	104700	0.008725	0.2435450104675506	0.9676599808978033	0.9115663801337154	34.25059694364852
Index9	Index9	TGAACGTCCGCCTCCTCGATTGAA	488	477	11	142525	134668	146400	0.0122	0.3405443126308444	0.9735314207650273	0.919863387978142	34.09366461748634
Index10	Index10	CATCTAGCAAGCATGTAGCGTCTC	470	457	13	136840	129261	141000	0.01175	0.3279832519190509	0.9704964539007093	0.9167446808510639	34.048758865248224
Index11	Index11	TATCGAGGCAACCATCATGCGTAC	443	429	14	127995	120114	132900	0.011075	0.3091416608513608	0.9630925507900677	0.9037923250564334	34.151523702031604
Index12	Index12	GAGACGTAGCAAACCTTGACCGGG	305	301	4	88991	83801	91500	0.007625	0.21284019539427773	0.9725792349726776	0.9158579234972678	34.09685792349727
Index13	Index13	ATCATGCGCCCGTTGACGAGATCT	433	428	5	126373	119226	129900	0.010825	0.30216329378925333	0.9728483448806774	0.9178290993071594	33.628752886836025
Index14	Index14	AGGAGCTAGGGAGGGCTAATGTCA	423	413	10	123319	116323	126900	0.010575	0.29518492672714586	0.9717809298660363	0.9166509062253743	35.20439322301024
Index15	Index15	ATCGACCATGCTTTAGGAGCGAAC	509	495	14	148123	139913	152700	0.012725	0.35519888346127004	0.9700261951538965	0.9162606417812704	33.92788146692862
Index16	Index16	TGCGAATCGACAGTACATCGAGTA	385	379	6	112208	106006	115500	0.009625	0.2686671318911375	0.9714978354978355	0.9178008658008658	34.0754329004329
Index17	Index17	ATGTTCCCCTCTAGGCTTTGTCAT	408	398	10	118038	110515	122400	0.0102	0.2847173761339846	0.9643627450980392	0.9029003267973856	34.84089052287582
Index18	Index18	TCGCTCATCTAGCGACGATATTTG	339	325	14	98862	93167	101700	0.008475	0.23656664340544312	0.972094395280236	0.9160963618485742	33.497173058013765
Index19	Index19	CCTAAGGTAAACAAACTCCGTTGT	369	346	23	107000	100347	110700	0.009225	0.2575017445917655	0.966576332429991	0.9064769647696477	34.50621047877146
Index20	Index20	GAATAGCGCTTAACGTACCAAGAC	373	361	12	109064	103043	111900	0.009325	0.2602930914166085	0.9746559428060768	0.9208489722966935	34.24474977658624
Index21	Index21	CGATGTACATCCTCCGATGTCGGC	358	350	8	103582	97059	107400	0.00895	0.24982554082344732	0.9644506517690875	0.9037150837988827	33.41980912476723
Index22	Index22	CAAGTCGAAACCAGGTTACCGCGT	353	339	14	102683	96579	105900	0.008825	0.2463363572923936	0.9696222851746931	0.9119830028328612	33.82872993389991
Index23	Index23	GTAACGGATAGCATGCCGAAACGT	359	346	13	103868	97314	107700	0.008975	0.2505233775296581	0.9644196843082637	0.9035654596100279	33.227251624883934
Index24	Index24	GAAGCTTGGTCAACATACGCGGGG	294	288	6	85741	80490	88200	0.00735	0.20516399162595952	0.9721201814058957	0.9125850340136055	33.92743764172336
Index25	Index25	AACCCGTAACCAGGATCTAGGACG	377	352	25	109783	103195	113100	0.009425	0.2630844382414515	0.9706719717064545	0.9124226348364279	33.73596374889478
Index26	Index26	AATGCTCCCCTATCGACTCTCCGT	402	394	8	117878	111620	120600	0.01005	0.28053035589672015	0.9774295190713101	0.9255389718076286	33.359038142620236
Index27	Index27	GTATGACGGATGTACGCTAGACAA	345	335	10	99083	92197	103500	0.008625	0.24075366364270762	0.9573236714975846	0.890792270531401	33.13345410628019
Index28	Index28	GCAAAGCTTGGAATTTCGGGTAAG	354	344	10	102631	96324	106200	0.00885	0.24703419399860432	0.9663935969868174	0.9070056497175141	34.30426082862524
Index29	Index29	TCTAACCGGCTACTAGCCAACGCC	332	320	12	95787	89529	99600	0.0083	0.2316817864619679	0.9617168674698795	0.8988855421686747	34.03752510040161
Index30	Index30	ATTGGAGCCCGCTGATAGCCGGTT	327	323	4	94891	88955	98100	0.008175	0.22819260293091417	0.9672884811416922	0.9067787971457696	33.80338939857288
Index31	Index31	TGTCCGATCTATGCATGGTTCCTA	376	366	10	108952	102197	112800	0.0094	0.26238660153524074	0.965886524822695	0.9060017730496454	33.57890070921986
Index32	Index32	ACATCGCATGTTGACGGTAATGAG	391	381	10	114169	107781	117300	0.009775	0.27285415212840197	0.973307757885763	0.918849104859335	33.2770673486786
Index33	Index33	ACTTCCGACAATCGAAGTCATCAA	455	437	18	131991	123910	136500	0.011375	0.31751570132588974	0.966967032967033	0.9077655677655677	34.097802197802196
Index34	Index34	GCTCCTATGCCTTGGACTACAAAC	405	392	13	118042	111426	121500	0.010125	0.2826238660153524	0.9715390946502057	0.9170864197530865	34.9059670781893
Index35	Index35	CATAACGCGAATATACGCGACATT	379	368	11	110301	104021	113700	0.009475	0.264480111653873	0.9701055408970977	0.914872471416007	33.94426121372032
Index36	Index36	CGGACAATGATTTCCCTATGATAC	489	477	12	141195	132440	146700	0.012225	0.34124214933705516	0.9624744376278118	0.9027948193592366	34.75587934560327
Index37	Index37	GCTACTTGGAAAGAGCTCTACGCA	342	330	12	99495	93814	102600	0.00855	0.23866015352407538	0.9697368421052631	0.9143664717348928	35.11464424951267
Index38	Index38	TAAGCGAGTAGTCTAGAGGTTACC	443	436	7	128507	120437	132900	0.011075	0.3091416608513608	0.9669450714823176	0.9062227238525207	34.315744920993225
Index39	Index39	TGCTTGACTCCGAACCCTTGTTCG	376	360	16	109593	103162	112800	0.0094	0.26238660153524074	0.9715691489361702	0.9145567375886525	33.58577127659574
Index40	Index40	GACATCGTCGGGGTCGTAAGGGGT	346	334	12	100588	94635	103800	0.00865	0.24145150034891835	0.9690558766859345	0.9117052023121387	33.464715799614645
Index41	Index41	AGCTATGGGACGTATACCCGGCCC	369	361	8	106939	100204	110700	0.009225	0.2575017445917655	0.9660252935862692	0.9051851851851852	34.12782294489612
Index42	Index42	ACGACTAGGCTCTGCTAAGCGAGC	445	428	17	129387	121303	133500	0.011125	0.31053733426378227	0.9691910112359551	0.9086367041198502	33.87059925093633
Index43	Index43	TACCGTACGATACGTCCTAAAACT	410	399	11	119141	112060	123000	0.01025	0.28611304954640615	0.9686260162601626	0.9110569105691056	34.009959349593494
Index44	Index44	TAGAAGGCGCGTATATCGGGTAAG	337	329	8	97825	91982	101100	0.008425	0.23517096999302164	0.9676063303659743	0.9098120672601385	33.83469337289812
Index45	Index45	CGTCATCAAGGAGAGACGTTCTTA	353	345	8	102459	96200	105900	0.008825	0.2463363572923936	0.9675070821529745	0.9084041548630784	34.14199716713881
Index46	Index46	CCGTAAGATAGAGCTTAACGATCA	393	385	8	114883	108408	117900	0.009825	0.27424982554082344	0.9744105173876166	0.9194910941475827	34.751166242578456
Index47	Index47	TAGACTCGTTTCCGCTAGTACTAT	335	326	9	97703	92042	100500	0.008375	0.23377529658060014	0.9721691542288557	0.9158407960199005	33.91417910447761
Index48	Index48	TATCGGCTTGGTACGGGTTATTAG	340	332	8	98879	93215	102000	0.0085	0.23726448011165388	0.9694019607843137	0.9138725490196078	33.5484068627451
Index49	Index49	TCAAGAGCGGAGCGGACTTTTGTA	286	279	7	83104	78361	85800	0.00715	0.19958129797627355	0.9685780885780886	0.9132983682983683	34.25728438228438
Index50	Index50	TTACCCGTAGAATCCATTGCTTCT	430	421	9	125125	117868	129000	0.01075	0.3000697836706211	0.9699612403100775	0.9137054263565891	34.980135658914726
Index51	Index51	GCTCTCAATCGGGTCTCATGGCGG	362	356	6	105671	99926	108600	0.00905	0.2526168876482903	0.9730294659300184	0.9201289134438305	33.95683701657459
Index52	Index52	GTCTACGTTTACTGACTTGGAGAA	424	414	10	123910	116846	127200	0.0106	0.2958827634333566	0.9741352201257861	0.9186006289308176	35.046776729559745
Index53	Index53	TCCGTATGAGACACCGTATCCGAT	388	377	11	113079	106509	116400	0.0097	0.27076064200976974	0.9714690721649485	0.9150257731958763	33.57796391752577
Index54	Index54	CGCCAATACGTCCTATGGGACGGT	376	367	9	110118	104393	112800	0.0094	0.26238660153524074	0.9762234042553192	0.9254698581560283	34.23282358156028
Index55	Index55	GATGGTCTAGCATAGTTCCCATTC	424	415	9	123407	116497	127200	0.0106	0.2958827634333566	0.9701808176100629	0.9158569182389937	34.653793238993714
Index56	Index56	CTCGCTTAAGGCCTCCAAGACATC	378	367	11	109899	103233	113400	0.00945	0.26378227494766227	0.9691269841269842	0.9103439153439153	34.77436067019401
Index57	Index57	GGCAACATGGGTATTACCGCGGTA	391	384	7	113735	107024	117300	0.009775	0.27285415212840197	0.9696078431372549	0.9123955669224212	34.57107843137255
Index58	Index58	AGACTCTCATCACTAAGCTCCTAA	453	441	12	132414	124981	135900	0.011325	0.31612002791346827	0.9743487858719647	0.919654157468727	35.748804267844
Index59	Index59	TGACAAGGTCAATGAACGTCCTTC	418	408	10	121688	114809	125400	0.01045	0.2916957431960921	0.9703987240829346	0.9155422647527911	34.78807814992025
Index60	Index60	CGGTATGTCATCCCATGCAATCTA	380	373	7	110218	103476	114000	0.0095	0.26517794836008374	0.9668245614035088	0.9076842105263158	34.43344298245614
Index61	Index61	GACTCATGAATGTAGCGTTCATTG	472	462	10	137703	130082	141600	0.0118	0.32937892533147245	0.9724788135593221	0.9186581920903955	34.63162076271186
Index62	Index62	CGTAGACATTGAAGCATTCGAGCC	376	366	10	108875	101826	112800	0.0094	0.26238660153524074	0.9652039007092199	0.9027127659574468	34.237477836879435
Index63	Index63	CATTCGCTCCCTAACCTCGAACAT	432	410	22	126027	119036	129600	0.0108	0.30146545708304257	0.9724305555555556	0.9184876543209877	33.62287808641975
Index64	Index64	ACAATCGGGGACCAAATCGCGGAA	392	378	14	113976	107226	117600	0.0098	0.2735519888346127	0.9691836734693877	0.9117857142857143	34.69834183673469
Index65	Index65	GGACTTAGAGCGGTCAAGAGGTTA	383	372	11	112077	105968	114900	0.009575	0.267271458478716	0.9754308093994778	0.9222628372497824	35.06647084421236
Index66	Index66	GACCGATTCTCGTTAAGGCCGGGA	413	404	9	120172	113111	123900	0.010325	0.2882065596650384	0.969911218724778	0.9129217110573042	34.24606537530266
Index67	Index67	TGGAAACCCGAGTCGAAAGGGAAA	384	371	13	111892	105331	115200	0.0096	0.26796929518492674	0.9712847222222222	0.9143315972222222	34.3740234375
Index68	Index68	GGCCTAATGGAAGGAGTCAAATAG	412	405	7	119626	112676	123600	0.0103	0.2875087229588276	0.9678478964401295	0.9116181229773462	35.35507686084142
Index69	Index69	TTGTACGCGTACCCGTTCTATACA	375	364	11	108748	102143	112500	0.009375	0.26168876482903003	0.9666488888888889	0.9079377777777777	33.481
Index70	Index70	ATGTCGAGTTGCTGCGAATGCGAA	368	363	5	106772	100222	110400	0.0092	0.2568039078855548	0.9671376811594203	0.9078079710144927	34.03238224637681
Index71	Index71	CTTCGTACCTCCGCGATCATGACT	370	354	16	106512	99008	111000	0.00925	0.25819958129797627	0.9595675675675676	0.8919639639639639	33.420495495495494
Index72	Index72	TTAGGTCCGAGACCGAAATCCAAC	376	370	6	109689	103402	112800	0.0094	0.26238660153524074	0.9724202127659575	0.9166843971631206	34.535904255319146
Index73	Index73	CTAGCTCTTCGTTCGGAGTTTTAC	408	401	7	117925	110354	122400	0.0102	0.2847173761339846	0.9634395424836601	0.9015849673202614	34.30514705882353
Index74	Index74	CTTGTCCAACTTCTATCCGTCCCG	484	473	11	140913	132578	145200	0.0121	0.3377529658060014	0.9704752066115703	0.9130716253443526	34.36923209366391
Index75	Index75	CTTAGCGACCCATAACGCGTACCC	380	367	13	109975	103107	114000	0.0095	0.26517794836008374	0.9646929824561403	0.9044473684210527	33.75416666666667
Index76	Index76	CGTAGGTTAACACTCGTACTTAGC	435	434	1	127211	120150	130500	0.010875	0.3035589672016748	0.9747969348659004	0.9206896551724137	34.482183908045975
Index77	Index77	AGCATTCCATGTGACTCGAAATGA	407	396	11	117815	110721	122100	0.010175	0.2840195394277739	0.964905814905815	0.9068058968058968	34.646191646191646
Index78	Index78	TCGTTACCAACGTTAACCGGCCGA	429	417	12	124538	116764	128700	0.010725	0.29937194696441033	0.9676612276612276	0.9072571872571873	34.04127816627817
Index79	Index79	TTGCTAGGACATTTCCTAGCAACC	413	401	12	119819	112447	123900	0.010325	0.2882065596650384	0.9670621468926553	0.9075625504439063	34.92070217917676
Index80	Index80	CGAGACTTCTACGAATAGCGTCCC	342	336	6	99060	92765	102600	0.00855	0.23866015352407538	0.9654970760233919	0.9041423001949318	34.132797270955166
Index81	Index81	GGTCTATGTTTGAATGACGGATGT	392	380	12	113778	106959	117600	0.0098	0.2735519888346127	0.9675	0.909515306122449	33.21226615646258
Index82	Index82	GATGCCATAGTAAGTAGCTCGTCC	375	366	9	108822	102411	112500	0.009375	0.26168876482903003	0.9673066666666666	0.91032	34.473555555555556
Index83	Index83	GTACGAGTTCCTTGGCCATTCTCC	420	404	16	121987	114521	126000	0.0105	0.2930914166085136	0.9681507936507937	0.9088968253968254	34.47152777777778
Index84	Index84	TTCCATCGGTAGACGCCATAACCG	404	396	8	117727	110971	121200	0.0101	0.2819260293091417	0.9713448844884488	0.9156023102310231	34.18492161716171
Index85	Index85	ACGCTATCATCTCGTTAACCCGCT	350	344	6	101640	95665	105000	0.00875	0.24424284717376135	0.968	0.9110952380952381	34.33047619047619
Index86	Index86	GTCCAAGAGTTCTTGAGCCTTGCT	463	457	6	134610	126653	138900	0.011575	0.32309839497557574	0.9691144708423326	0.9118286537077034	35.270608351331894
Index87	Index87	CGAATGGTAAGAACCCGTAACAAG	390	376	14	114157	107708	117000	0.00975	0.2721563154221912	0.9757008547008547	0.9205811965811965	34.15737179487179
Index88	Index88	AGGTTTCGGTATAAAGGTCGCCCC	430	419	11	124474	116755	129000	0.01075	0.3000697836706211	0.9649147286821705	0.9050775193798449	33.74437984496124
Index89	Index89	GGTTCAAGATACTACGAGCTCCTC	383	373	10	111039	104146	114900	0.009575	0.267271458478716	0.9663968668407311	0.9064055700609226	34.52708877284595
Index90	Index90	GTTAAGCGGGCGGGCATAGAGCGA	400	395	5	116794	110269	120000	0.01	0.2791346824842987	0.9732833333333333	0.9189083333333333	35.131145833333335
Index91	Index91	AAGCTACGCGAAGGTAGCATTCGG	421	410	11	121916	114493	126300	0.010525	0.29378925331472433	0.9652889944576405	0.9065162311955661	34.24851543942993
Index92	Index92	TTGAGCGTCCGACGACAAGTTCGA	406	398	8	117940	111084	121800	0.01015	0.28332170272156315	0.9683087027914614	0.9120197044334976	33.79176929392447
Index93	Index93	CCTATGCAATTGGGCAATGTACTT	464	457	7	134945	126964	139200	0.0116	0.32379623168178645	0.9694324712643678	0.9120977011494252	35.02846623563219
Index94	Index94	CTATTGCCTACGCCGGTAAACCCA	421	412	9	122369	115190	126300	0.010525	0.29378925331472433	0.9688756927949327	0.9120348376880444	35.04127078384798
Index95	Index95	CCTCTTGAAGAGGCCCATTAGATT	383	374	9	111657	105311	114900	0.009575	0.267271458478716	0.9717754569190601	0.9165448215839861	35.01142297650131
Index96	Index96	TGGGTTACGGGCCAAGGTTCTCTT	327	323	4	94702	88727	98100	0.008175	0.22819260293091417	0.965361875637105	0.9044546381243629	34.88200815494393
PhiX	PhiX	AAGGTAGCTACAGACAACCTACCT	1433	1386	47	421623	405869	429900	0.035825	1.0	0.9807466852756455	0.9441009537101651	34.565422191207254
Undetermined	Undetermined	NNNNNNNNNNNNNNNNNNNNNNNN	880	0	0	248629	228186	264000	0.022	0.6140963014654571	0.9417765151515152	0.8643409090909091	32.029592803030305
